<!DOCTYPE html><html lang="en"><head>
    <meta charset="UTF-8">
    <meta name="viewport" content="width=device-width, initial-scale=1.0">
    <link rel="preload" as="image" href="https://ik.imagekit.io/dummy_imagekit_id/dummy_origin_identifier/tr:f-auto/https://dummy.netlify.app/about/images/beach.jpeg">
    <title>About Page</title>
</head>

<body>
    <header>
        <h1>About Us</h1>
        <nav>
            <ul>
                <li><a href="../index.html">Home</a></li>
                <li><a href="./about/index.html">About</a></li>
            </ul>
        </nav>
    </header>
    <main>
        <p>This is the about page of the website.</p>
        <img src="https://ik.imagekit.io/dummy_imagekit_id/dummy_origin_identifier/tr:f-auto/https://dummy.netlify.app/catOne.jpeg" alt="Cat">
        <img src="https://ik.imagekit.io/dummy_imagekit_id/dummy_origin_identifier/tr:f-auto/https://dummy.netlify.app/about/images/beach.jpeg" width="2376" height="1574" alt="Beach">
    </main>
    <footer>
        <p>Â© 2024 My Website</p>
    </footer>


</body></html>