<!DOCTYPE html><html lang="en"><head>
  <meta charset="UTF-8">
  <meta http-equiv="X-UA-Compatible" content="IE=edge">
  <meta name="viewport" content="width=device-width, initial-scale=1.0">
  <title>Demo Project</title>

  <style>
    * {
      font-family: system-ui, -apple-system, BlinkMacSystemFont, "Segoe UI", Roboto, Oxygen, Ubuntu, Cantarell,
        "Open Sans", "Helvetica Neue", sans-serif;
    }

    body {
      max-width: 600px;
      margin: auto;
      line-height: 1.3;
    }
  </style>
</head>

<body>
  <nav>
    <ul>
      <li><a href="../index.html">Home</a></li>
      <li><a href="./about/index.html">About</a></li>
    </ul>
  </nav>

  <img srcset="https://ik.imagekit.io/dummy_imagekit_id/dummy_origin_identifier/tr:f-auto/https://dummy.netlify.app/myImages/girl.webp 200w, https://ik.imagekit.io/dummy_imagekit_id/dummy_origin_identifier/tr:f-auto/https://dummy.netlify.app/images/catDog.jpeg 310w" sizes="(max-width: 1024px) 150px, 310px" alt="Cat" src="https://ik.imagekit.io/dummy_imagekit_id/dummy_origin_identifier/tr:f-auto/https://dummy.netlify.app/catOne.jpeg">
  <img src="https://ik.imagekit.io/dummy_imagekit_id/dummy_origin_identifier/tr:f-auto/https://dummy.netlify.app/myImages/girl.webp" alt="girl">
  <img src="https://ik.imagekit.io/dummy_imagekit_id/dummy_origin_identifier/tr:f-auto/https://plus.unsplash.com/premium_photo-1678112180202-cd950dbe5a35?q=80&amp;w=300" width="500" alt="remote">
  <picture>
    <source media="(max-width: 1024px)" srcset="https://ik.imagekit.io/dummy_imagekit_id/dummy_origin_identifier/tr:f-auto/https://dummy.netlify.app/myImages/girl.webp">
    <source media="(min-width: 1024px)" srcset="https://ik.imagekit.io/dummy_imagekit_id/dummy_origin_identifier/tr:f-auto/https://dummy.netlify.app/images/catDog.jpeg">
    <img src="https://ik.imagekit.io/dummy_imagekit_id/dummy_origin_identifier/tr:f-auto/https://dummy.netlify.app/catOne.jpeg" alt="Cat">
  </picture>



</body></html>